// Jest Snapshot v1, https://goo.gl/fbAQLP

exports[`Unit test for 'AddCategory' should render correctly component 1`] = `
<form
  onSubmit={[Function]}
>
  <p
    style={
      Object {
        "opacity": "0.01",
        "position": "absolute",
      }
    }
  />
  <input
    onChange={[Function]}
    type="text"
    value=""
  />
</form>
`;
